// Jest Snapshot v1, https://goo.gl/fbAQLP

exports[`preset returns expected config 1`] = `
Object {
  "files": Object {
    "dest": Object {
      "absolute": Object {
        ".huskyrc.js": "<PROJECT_ROOT>/.huskyrc.js",
      },
      "allowChanges": Object {
        ".huskyrc.js": false,
      },
      "files": Array [
        ".huskyrc.js",
      ],
      "ignoreUpdates": Object {
        ".huskyrc.js": false,
      },
    },
    "makeDirs": Array [
      "dist",
      "src",
    ],
    "src": Object {
      "absolute": Object {
        "lib/files/husky.js": "<PROJECT_ROOT>/lib/files/husky.js",
      },
      "files": Array [
        "lib/files/husky.js",
      ],
      "hash": Object {
        "lib/files/husky.js": "d41c387b0d3f16730829f444ef7bc0665cc52e92847c548c5166ebb7597bc69a",
      },
    },
  },
  "git-pre-commit": Array [
    [Function noop],
  ],
  "git-pre-push": Array [
    [Function noop],
  ],
  "resolve": Object {
    "@backtrack/preset-git-hooks": "<PROJECT_ROOT>/lib",
  },
}
`;
